# when posting first part of second day's session (24.08.2023 - 02:50)
# i realized that some terminal responses and some prints are same
# hence, there will be a regex problem to clean this text hereby presented

# i realized i didn't have the include date in the first line
# because i am already using a version control software for storing this info.
# besides, every line will be ever existing, once I add the commit.
# i only know connecting to GitHub with R Studio, not VSCode or others(jupyter)
# now i realized that I can track the date of my current-old main discussions here.
# less repeat, more check
# version control magic
# 0
# 0
# 0
# 0
# 1

# I guess 5 digits are enough


Python 3.10.4 (tags/v3.10.4:9d38120, Mar 23 2022, 23:13:41) [MSC v.1929 64 bit (AMD64)] on win32
Type "help", "copyright", "credits" or "license" for more information.
>>> a = 4165
>>> c = seq(1, 1000, 5)
Traceback (most recent call last):
  File "<stdin>", line 1, in <module>
NameError: name 'seq' is not defined. Did you mean: 'set'?
>>> a = "This was very strange"
>>> b = "name this"
>>>
>>> for i in a:
...  c = int,
...     c = c + 1
  File "<stdin>", line 3
    c = c + 1
TabError: inconsistent use of tabs and spaces in indentation
>>> c = 0
>>>
>>> for i in a:
...     c = c + 1
...     print(c)
...     if c/2 = 17:
  File "<stdin>", line 4
    if c/2 = 17:
       ^^^
SyntaxError: cannot assign to expression here. Maybe you meant '==' instead of '='?
>>> for i in a:
...     c = c + 1
...     print(c)
...     if c == 17:
...             print("Day")
...     elif:
  File "<stdin>", line 6
    elif:
        ^
SyntaxError: invalid syntax
>>>
>>>
>>> for i in a:
...     c = c+1
...     print(c)
...     if c == 17:
...             print("Day 17")
...     elif c == 7 :
...             print("Month 7")
...     elif c == 1996 :
...             print("Year 1996")
...
1
2
3
4
5
6
7
Month 7
8
9
10
11
12
13
14
15
16
17
Day 17
18
19
20
21
>>>
>>>
>>> for i in a and b:
...     if c % 2 = TRUE:
  File "<stdin>", line 2
    if c % 2 = TRUE:
       ^^^^^
SyntaxError: cannot assign to expression here. Maybe you meant '==' instead of '='?
>>> for i in a & b:
...     if c % 2 == TRUE:
...             print("that's odd")
...     else:
...             print("now it's even")
...
Traceback (most recent call last):
  File "<stdin>", line 1, in <module>
TypeError: unsupported operand type(s) for &: 'str' and 'str'
>>> def even_odd:
  File "<stdin>", line 1
    def even_odd:
                ^
SyntaxError: invalid syntax
>>> def even_odd
  File "<stdin>", line 1
    def even_odd
                ^
SyntaxError: invalid syntax
>>> def even_odd() :
...     for i in a :
...              c = c + 1
...             if c % 2 = 0:
  File "<stdin>", line 4
    if c % 2 = 0:
                 ^
IndentationError: unindent does not match any outer indentation level
>>> def even_odd() :
...     for i in a :
...              c = c + 1
...             if c % 2 == 0:
  File "<stdin>", line 4
    if c % 2 == 0:
                  ^
IndentationError: unindent does not match any outer indentation level
>>> def even_odd() :
...     for i in a :
...              c = c + 1
...              c = c + 1
...
>>> def even_odd() :
...     for i in a :
...
  File "<stdin>", line 3

IndentationError: expected an indented block after 'for' statement on line 2
>>> def even_odd() :
...     for i in a :
...             c = c + 1
...             if c % 2 == 0:
...                     print("now it's even")
...             else: print("that's odd")
...
>>> even_odd(a)
Traceback (most recent call last):
  File "<stdin>", line 1, in <module>
TypeError: even_odd() takes 0 positional arguments but 1 was given
>>> def even_odd(a) :
...     for i in a :
...             c = c + 1
...             if c % 2 == 0:
...                     print("now it's even")
...             else: print("that's odd")
...
>>> even_odd(a)
Traceback (most recent call last):
  File "<stdin>", line 1, in <module>
  File "<stdin>", line 3, in even_odd
UnboundLocalError: local variable 'c' referenced before assignment
>>> def even_odd(a) :
...     c = int()
...     for i in a :
...
  File "<stdin>", line 4

IndentationError: expected an indented block after 'for' statement on line 3
>>> %save
  File "<stdin>", line 1
    %save
    ^
SyntaxError: invalid syntax
>>> %save freestyle 1
  File "<stdin>", line 1
    %save freestyle 1
    ^
SyntaxError: invalid syntax
>>> %save freestyle 1:
  File "<stdin>", line 1
    %save freestyle 1:
    ^
SyntaxError: invalid syntax
>>> %save freestyle
  File "<stdin>", line 1
    %save freestyle
    ^
SyntaxError: invalid syntax
>>> %save freestyle:
  File "<stdin>", line 1
    %save freestyle:
    ^
SyntaxError: invalid syntax
>>> %save "freestyle"
  File "<stdin>", line 1
    %save "freestyle"
    ^
SyntaxError: invalid syntax
>>> for i in a:
...     print("how to save through python shell")
...
how to save through python shell
how to save through python shell
how to save through python shell
how to save through python shell
how to save through python shell
how to save through python shell
how to save through python shell
how to save through python shell
how to save through python shell
how to save through python shell
how to save through python shell
how to save through python shell
how to save through python shell
how to save through python shell
how to save through python shell
how to save through python shell
how to save through python shell
how to save through python shell
how to save through python shell
how to save through python shell
how to save through python shell
>>> for i in a:
...     c = c + 1
...     print("c")
...
c
c
c
c
c
c
c
c
c
c
c
c
c
c
c
c
c
c
c
c
c
>>> for i in a:
...     c = c + 1
...     print(c)
...
43
44
45
46
47
48
49
50
51
52
53
54
55
56
57
58
59
60
61
62
63
>>> for i in a:
...     if c % 2 == 0:
...             print("now that's even")
...     else:
...             print("now it's odd")
...
now it's odd
now it's odd
now it's odd
now it's odd
now it's odd
now it's odd
now it's odd
now it's odd
now it's odd
now it's odd
now it's odd
now it's odd
now it's odd
now it's odd
now it's odd
now it's odd
now it's odd
now it's odd
now it's odd
now it's odd
now it's odd
>>>
>>>
>>>
>>>
>>>
>>>
>>>
>>>
>>>
>>>
>>>
>>>
>>>
>>>
>>>
>>>
>>>
>>>
>>>
>>>
>>>
>>>
>>>
>>>
>>>
>>>
>>>
>>>
>>>
>>>
>>>
>>>
>>>
>>>
>>>
>>>
>>>
>>>
>>>
>>>
>>>
>>>
>>>
>>> while c = TRUE:
  File "<stdin>", line 1
    while c = TRUE:
          ^^^^^^^^
SyntaxError: invalid syntax. Maybe you meant '==' or ':=' instead of '='?
>>> a + b
'This was very strangename this'
>>> b + a
'name thisThis was very strange'
>>> print("enough one liners" + " " + "hello world")
enough one liners hello world
>>>


Python 3.10.4 (tags/v3.10.4:9d38120, Mar 23 2022, 23:13:41) [MSC v.1929 64 bit (AMD64)] on win32
Type "help", "copyright", "credits" or "license" for more information.
>>> a = int()
>>> type(a)
<class 'int'>
>>> print(a)
0
>>> b = a + 1
>>> c = int()
>>> d = c + 1
>>> e = list()
>>> for i in b:
...     print(b)
...
Traceback (most recent call last):
  File "<stdin>", line 1, in <module>
TypeError: 'int' object is not iterable
>>> f = str(b + (1.2*d)**3)
>>> for i in f:
...     print(f)
...
2.7279999999999998
2.7279999999999998
2.7279999999999998
2.7279999999999998
2.7279999999999998
2.7279999999999998
2.7279999999999998
2.7279999999999998
2.7279999999999998
2.7279999999999998
2.7279999999999998
2.7279999999999998
2.7279999999999998
2.7279999999999998
2.7279999999999998
2.7279999999999998
2.7279999999999998
2.7279999999999998
>>> len(f)
18
>>>

Python 3.10.4 (tags/v3.10.4:9d38120, Mar 23 2022, 23:13:41) [MSC v.1929 64 bit (AMD64)] on win32
Type "help", "copyright", "credits" or "license" for more information.
>>> a = seq(1,100)
Traceback (most recent call last):
  File "<stdin>", line 1, in <module>
NameError: name 'seq' is not defined. Did you mean: 'set'?
>>> a = range(1,100)
>>> b = range (101,199,2)
>>> c = dict(a,b)
Traceback (most recent call last):
  File "<stdin>", line 1, in <module>
TypeError: dict expected at most 1 argument, got 2
>>> c = dict(key=a, value=b)
>>> print(c)
{'key': range(1, 100), 'value': range(101, 199, 2)}
>>> c
{'key': range(1, 100), 'value': range(101, 199, 2)}
>>> c[3]
Traceback (most recent call last):
  File "<stdin>", line 1, in <module>
KeyError: 3
>>> a
range(1, 100)
>>> a = list(range(1,100))
>>> a
[1, 2, 3, 4, 5, 6, 7, 8, 9, 10, 11, 12, 13, 14, 15, 16, 17, 18, 19, 20, 21, 22, 23, 24, 25, 26, 27, 28, 29, 30, 31, 32, 33, 34, 35, 36, 37, 38, 39, 40, 41, 42, 43, 44, 45, 46, 47, 48, 49, 50, 51, 52, 53, 54, 55, 56, 57, 58, 59, 60, 61, 62, 63, 64, 65, 66, 67, 68, 69, 70, 71, 72, 73, 74, 75, 76, 77, 78, 79, 80, 81, 82, 83, 84, 85, 86, 87, 88, 89, 90, 91, 92, 93, 94, 95, 96, 97, 98, 99]
>>> b = list(range(101,199,2))
>>> c = (key=a, value=b)
  File "<stdin>", line 1
    c = (key=a, value=b)
         ^^^^^
SyntaxError: invalid syntax. Maybe you meant '==' or ':=' instead of '='?
>>> c = dict(key=a, value=b)
>>> print(c)
{'key': [1, 2, 3, 4, 5, 6, 7, 8, 9, 10, 11, 12, 13, 14, 15, 16, 17, 18, 19, 20, 21, 22, 23, 24, 25, 26, 27, 28, 29, 30, 31, 32, 33, 34, 35, 36, 37, 38, 39, 40, 41, 42, 43, 44, 45, 46, 47, 48, 49, 50, 51, 52, 53, 54, 55, 56, 57, 58, 59, 60, 61, 62, 63, 64, 65, 66, 67, 68, 69, 70, 71, 72, 73, 74, 75, 76, 77, 78, 79, 80, 81, 82, 83, 84, 85, 86, 87, 88, 89, 90, 91, 92, 93, 94, 95, 96, 97, 98, 99], 'value': [101, 103, 105, 107, 109, 111, 113, 115, 117, 119, 121, 123, 125, 127, 129, 131, 133, 135, 137, 139, 141, 143, 145, 147, 149, 151, 153, 155, 157, 159, 161, 163, 165, 167, 169, 171, 173, 175, 177, 179, 181, 183, 185, 187, 189, 191, 193, 195, 197]}
>>> c[3]
Traceback (most recent call last):
  File "<stdin>", line 1, in <module>
KeyError: 3
>>> c[101]
Traceback (most recent call last):
  File "<stdin>", line 1, in <module>
KeyError: 101
>>> c[key=3]
  File "<stdin>", line 1
    c[key=3]
      ^^^^^
SyntaxError: invalid syntax. Maybe you meant '==' or ':=' instead of '='?
>>> c[key==3]
Traceback (most recent call last):
  File "<stdin>", line 1, in <module>
NameError: name 'key' is not defined
>>> c[a]
Traceback (most recent call last):
  File "<stdin>", line 1, in <module>
TypeError: unhashable type: 'list'
>>> print(c[3])
Traceback (most recent call last):
  File "<stdin>", line 1, in <module>
KeyError: 3
>>> dict[c]
dict[{'key': [1, 2, 3, 4, 5, 6, 7, 8, 9, 10, 11, 12, 13, 14, 15, 16, 17, 18, 19, 20, 21, 22, 23, 24, 25, 26, 27, 28, 29, 30, 31, 32, 33, 34, 35, 36, 37, 38, 39, 40, 41, 42, 43, 44, 45, 46, 47, 48, 49, 50, 51, 52, 53, 54, 55, 56, 57, 58, 59, 60, 61, 62, 63, 64, 65, 66, 67, 68, 69, 70, 71, 72, 73, 74, 75, 76, 77, 78, 79, 80, 81, 82, 83, 84, 85, 86, 87, 88, 89, 90, 91, 92, 93, 94, 95, 96, 97, 98, 99], 'value': [101, 103, 105, 107, 109, 111, 113, 115, 117, 119, 121, 123, 125, 127, 129, 131, 133, 135, 137, 139, 141, 143, 145, 147, 149, 151, 153, 155, 157, 159, 161, 163, 165, 167, 169, 171, 173, 175, 177, 179, 181, 183, 185, 187, 189, 191, 193, 195, 197]}]
>>> c[1]
Traceback (most recent call last):
  File "<stdin>", line 1, in <module>
KeyError: 1
>>> c["1"]
Traceback (most recent call last):
  File "<stdin>", line 1, in <module>
KeyError: '1'
>>> c.get(3)
>>> print(c.get(3))
None
>>> print(c.get(a))
Traceback (most recent call last):
  File "<stdin>", line 1, in <module>
TypeError: unhashable type: 'list'
>>> c(key)
Traceback (most recent call last):
  File "<stdin>", line 1, in <module>
NameError: name 'key' is not defined
>>> c.get(key)
Traceback (most recent call last):
  File "<stdin>", line 1, in <module>
NameError: name 'key' is not defined
>>> x.items()
Traceback (most recent call last):
  File "<stdin>", line 1, in <module>
NameError: name 'x' is not defined
>>> c.items()
dict_items([('key', [1, 2, 3, 4, 5, 6, 7, 8, 9, 10, 11, 12, 13, 14, 15, 16, 17, 18, 19, 20, 21, 22, 23, 24, 25, 26, 27, 28, 29, 30, 31, 32, 33, 34, 35, 36, 37, 38, 39, 40, 41, 42, 43, 44, 45, 46, 47, 48, 49, 50, 51, 52, 53, 54, 55, 56, 57, 58, 59, 60, 61, 62, 63, 64, 65, 66, 67, 68, 69, 70, 71, 72, 73, 74, 75, 76, 77, 78, 79, 80, 81, 82, 83, 84, 85, 86, 87, 88, 89, 90, 91, 92, 93, 94, 95, 96, 97, 98, 99]), ('value', [101, 103, 105, 107, 109, 111, 113, 115, 117, 119, 121, 123, 125, 127, 129, 131, 133, 135, 137, 139, 141, 143, 145, 147, 149, 151, 153, 155, 157, 159, 161, 163, 165, 167, 169, 171, 173, 175, 177, 179, 181, 183, 185, 187, 189, 191, 193, 195, 197])])
>>> c[1] = 101
>>> print(c)
{'key': [1, 2, 3, 4, 5, 6, 7, 8, 9, 10, 11, 12, 13, 14, 15, 16, 17, 18, 19, 20, 21, 22, 23, 24, 25, 26, 27, 28, 29, 30, 31, 32, 33, 34, 35, 36, 37, 38, 39, 40, 41, 42, 43, 44, 45, 46, 47, 48, 49, 50, 51, 52, 53, 54, 55, 56, 57, 58, 59, 60, 61, 62, 63, 64, 65, 66, 67, 68, 69, 70, 71, 72, 73, 74, 75, 76, 77, 78, 79, 80, 81, 82, 83, 84, 85, 86, 87, 88, 89, 90, 91, 92, 93, 94, 95, 96, 97, 98, 99], 'value': [101, 103, 105, 107, 109, 111, 113, 115, 117, 119, 121, 123, 125, 127, 129, 131, 133, 135, 137, 139, 141, 143, 145, 147, 149, 151, 153, 155, 157, 159, 161, 163, 165, 167, 169, 171, 173, 175, 177, 179, 181, 183, 185, 187, 189, 191, 193, 195, 197], 1: 101}
>>> c.get("key")
[1, 2, 3, 4, 5, 6, 7, 8, 9, 10, 11, 12, 13, 14, 15, 16, 17, 18, 19, 20, 21, 22, 23, 24, 25, 26, 27, 28, 29, 30, 31, 32, 33, 34, 35, 36, 37, 38, 39, 40, 41, 42, 43, 44, 45, 46, 47, 48, 49, 50, 51, 52, 53, 54, 55, 56, 57, 58, 59, 60, 61, 62, 63, 64, 65, 66, 67, 68, 69, 70, 71, 72, 73, 74, 75, 76, 77, 78, 79, 80, 81, 82, 83, 84, 85, 86, 87, 88, 89, 90, 91, 92, 93, 94, 95, 96, 97, 98, 99]
>>> if 5 in c:
...     print("yes")
...
>>>
>>> if "5" in c:
...     print("yes")
...
>>> c.get()
Traceback (most recent call last):
  File "<stdin>", line 1, in <module>
TypeError: get expected at least 1 argument, got 0
>>> c  = dict()
>>> print(c)
{}
>>> for i in a:
...     for u in b:
...             c[i] = u
...
>>> print(c)
{1: 197, 2: 197, 3: 197, 4: 197, 5: 197, 6: 197, 7: 197, 8: 197, 9: 197, 10: 197, 11: 197, 12: 197, 13: 197, 14: 197, 15: 197, 16: 197, 17: 197, 18: 197, 19: 197, 20: 197, 21: 197, 22: 197, 23: 197, 24: 197, 25: 197, 26: 197, 27: 197, 28: 197, 29: 197, 30: 197, 31: 197, 32: 197, 33: 197, 34: 197, 35: 197, 36: 197, 37: 197, 38: 197, 39: 197, 40: 197, 41: 197, 42: 197, 43: 197, 44: 197, 45: 197, 46: 197, 47: 197, 48: 197, 49: 197, 50: 197, 51: 197, 52: 197, 53: 197, 54: 197, 55: 197, 56: 197, 57: 197, 58: 197, 59: 197, 60: 197, 61: 197, 62: 197, 63: 197, 64: 197, 65: 197, 66: 197, 67: 197, 68: 197, 69: 197, 70: 197, 71: 197, 72: 197, 73: 197, 74: 197, 75: 197, 76: 197, 77: 197, 78: 197, 79: 197, 80: 197, 81: 197, 82: 197, 83: 197, 84: 197, 85: 197, 86: 197, 87: 197, 88: 197, 89: 197, 90: 197, 91: 197, 92: 197, 93: 197, 94: 197, 95: 197, 96: 197, 97: 197, 98: 197, 99: 197}
>>> b
[101, 103, 105, 107, 109, 111, 113, 115, 117, 119, 121, 123, 125, 127, 129, 131, 133, 135, 137, 139, 141, 143, 145, 147, 149, 151, 153, 155, 157, 159, 161, 163, 165, 167, 169, 171, 173, 175, 177, 179, 181, 183, 185, 187, 189, 191, 193, 195, 197]
>>> c = dict()
>>> for i in a:
...     for u in b:
...             c[i] = u
...             b.remove(u)
...
>>> print(c)
{1: 197, 2: 191, 3: 187, 4: 179, 5: 195, 6: 163}
>>> b
[]
>>>
